M1: 1784106 bougies
toute_journee dev=1.5 sl=2.0 tp=2.5: n=122365 pct_tp=45.4% avgR_brut=+0.022 avgR_net=-0.557  (5s)
toute_journee dev=1.5 sl=2.0 tp=3.0: n=108295 pct_tp=41.1% avgR_brut=+0.029 avgR_net=-0.539  (10s)
toute_journee dev=1.5 sl=2.5 tp=3.0: n=89081 pct_tp=46.3% avgR_brut=+0.018 avgR_net=-0.431  (15s)
toute_journee dev=1.5 sl=2.5 tp=4.0: n=67015 pct_tp=39.8% avgR_brut=+0.034 avgR_net=-0.392  (21s)
toute_journee dev=2.0 sl=2.0 tp=2.5: n=102641 pct_tp=45.5% avgR_brut=+0.024 avgR_net=-0.572  (26s)
toute_journee dev=2.0 sl=2.0 tp=3.0: n=95291 pct_tp=41.2% avgR_brut=+0.030 avgR_net=-0.556  (31s)
toute_journee dev=2.0 sl=2.5 tp=3.0: n=80597 pct_tp=46.4% avgR_brut=+0.020 avgR_net=-0.444  (36s)
toute_journee dev=2.0 sl=2.5 tp=4.0: n=66208 pct_tp=39.8% avgR_brut=+0.035 avgR_net=-0.410  (41s)
toute_journee dev=2.5 sl=2.0 tp=2.5: n=76549 pct_tp=45.8% avgR_brut=+0.030 avgR_net=-0.577  (46s)
toute_journee dev=2.5 sl=2.0 tp=3.0: n=73793 pct_tp=41.4% avgR_brut=+0.035 avgR_net=-0.566  (51s)
toute_journee dev=2.5 sl=2.5 tp=3.0: n=64456 pct_tp=46.4% avgR_brut=+0.022 avgR_net=-0.456  (56s)
toute_journee dev=2.5 sl=2.5 tp=4.0: n=56809 pct_tp=39.9% avgR_brut=+0.038 avgR_net=-0.424  (61s)
toute_journee dev=3.0 sl=2.0 tp=2.5: n=52355 pct_tp=46.0% avgR_brut=+0.035 avgR_net=-0.582  (66s)
toute_journee dev=3.0 sl=2.0 tp=3.0: n=51474 pct_tp=41.8% avgR_brut=+0.044 avgR_net=-0.569  (71s)
toute_journee dev=3.0 sl=2.5 tp=3.0: n=45994 pct_tp=46.8% avgR_brut=+0.030 avgR_net=-0.458  (76s)
toute_journee dev=3.0 sl=2.5 tp=4.0: n=43071 pct_tp=40.2% avgR_brut=+0.044 avgR_net=-0.433  (81s)
heures_fortes_4-7_11-12 dev=1.5 sl=2.0 tp=2.5: n=28349 pct_tp=45.9% avgR_brut=+0.032 avgR_net=-0.904  (86s)
heures_fortes_4-7_11-12 dev=1.5 sl=2.0 tp=3.0: n=26133 pct_tp=41.7% avgR_brut=+0.043 avgR_net=-0.889  (91s)
heures_fortes_4-7_11-12 dev=1.5 sl=2.5 tp=3.0: n=22400 pct_tp=46.7% avgR_brut=+0.028 avgR_net=-0.717  (96s)
heures_fortes_4-7_11-12 dev=1.5 sl=2.5 tp=4.0: n=18791 pct_tp=40.3% avgR_brut=+0.047 avgR_net=-0.694  (101s)
heures_fortes_4-7_11-12 dev=2.0 sl=2.0 tp=2.5: n=23120 pct_tp=46.0% avgR_brut=+0.034 avgR_net=-0.909  (106s)
heures_fortes_4-7_11-12 dev=2.0 sl=2.0 tp=3.0: n=22065 pct_tp=41.8% avgR_brut=+0.046 avgR_net=-0.894  (111s)
heures_fortes_4-7_11-12 dev=2.0 sl=2.5 tp=3.0: n=19164 pct_tp=46.9% avgR_brut=+0.031 avgR_net=-0.719  (116s)
heures_fortes_4-7_11-12 dev=2.0 sl=2.5 tp=4.0: n=17165 pct_tp=40.3% avgR_brut=+0.048 avgR_net=-0.699  (121s)
heures_fortes_4-7_11-12 dev=2.5 sl=2.0 tp=2.5: n=17326 pct_tp=45.9% avgR_brut=+0.033 avgR_net=-0.916  (126s)
heures_fortes_4-7_11-12 dev=2.5 sl=2.0 tp=3.0: n=16935 pct_tp=41.7% avgR_brut=+0.042 avgR_net=-0.902  (131s)
heures_fortes_4-7_11-12 dev=2.5 sl=2.5 tp=3.0: n=15023 pct_tp=46.6% avgR_brut=+0.026 avgR_net=-0.729  (136s)
heures_fortes_4-7_11-12 dev=2.5 sl=2.5 tp=4.0: n=14178 pct_tp=40.2% avgR_brut=+0.046 avgR_net=-0.705  (141s)
heures_fortes_4-7_11-12 dev=3.0 sl=2.0 tp=2.5: n=12132 pct_tp=46.5% avgR_brut=+0.047 avgR_net=-0.902  (146s)
heures_fortes_4-7_11-12 dev=3.0 sl=2.0 tp=3.0: n=12007 pct_tp=42.3% avgR_brut=+0.056 avgR_net=-0.890  (151s)
heures_fortes_4-7_11-12 dev=3.0 sl=2.5 tp=3.0: n=10783 pct_tp=47.2% avgR_brut=+0.038 avgR_net=-0.719  (156s)
heures_fortes_4-7_11-12 dev=3.0 sl=2.5 tp=4.0: n=10493 pct_tp=40.4% avgR_brut=+0.051 avgR_net=-0.705  (161s)
heures_fortes_larges_3-8_11-13 dev=1.5 sl=2.0 tp=2.5: n=48236 pct_tp=45.6% avgR_brut=+0.026 avgR_net=-0.814  (166s)
heures_fortes_larges_3-8_11-13 dev=1.5 sl=2.0 tp=3.0: n=44346 pct_tp=41.4% avgR_brut=+0.036 avgR_net=-0.799  (171s)
heures_fortes_larges_3-8_11-13 dev=1.5 sl=2.5 tp=3.0: n=37616 pct_tp=46.5% avgR_brut=+0.023 avgR_net=-0.642  (176s)
heures_fortes_larges_3-8_11-13 dev=1.5 sl=2.5 tp=4.0: n=31169 pct_tp=40.0% avgR_brut=+0.040 avgR_net=-0.617  (181s)
heures_fortes_larges_3-8_11-13 dev=2.0 sl=2.0 tp=2.5: n=39537 pct_tp=45.7% avgR_brut=+0.028 avgR_net=-0.819  (186s)
heures_fortes_larges_3-8_11-13 dev=2.0 sl=2.0 tp=3.0: n=37599 pct_tp=41.5% avgR_brut=+0.038 avgR_net=-0.804  (191s)
heures_fortes_larges_3-8_11-13 dev=2.0 sl=2.5 tp=3.0: n=32445 pct_tp=46.6% avgR_brut=+0.025 avgR_net=-0.646  (196s)
heures_fortes_larges_3-8_11-13 dev=2.0 sl=2.5 tp=4.0: n=28497 pct_tp=40.0% avgR_brut=+0.040 avgR_net=-0.623  (201s)
heures_fortes_larges_3-8_11-13 dev=2.5 sl=2.0 tp=2.5: n=29589 pct_tp=45.8% avgR_brut=+0.030 avgR_net=-0.822  (206s)
heures_fortes_larges_3-8_11-13 dev=2.5 sl=2.0 tp=3.0: n=28886 pct_tp=41.5% avgR_brut=+0.038 avgR_net=-0.811  (211s)
heures_fortes_larges_3-8_11-13 dev=2.5 sl=2.5 tp=3.0: n=25529 pct_tp=46.4% avgR_brut=+0.021 avgR_net=-0.658  (216s)
heures_fortes_larges_3-8_11-13 dev=2.5 sl=2.5 tp=4.0: n=23777 pct_tp=40.1% avgR_brut=+0.043 avgR_net=-0.628  (221s)
heures_fortes_larges_3-8_11-13 dev=3.0 sl=2.0 tp=2.5: n=20630 pct_tp=45.9% avgR_brut=+0.034 avgR_net=-0.822  (226s)
heures_fortes_larges_3-8_11-13 dev=3.0 sl=2.0 tp=3.0: n=20395 pct_tp=41.8% avgR_brut=+0.044 avgR_net=-0.809  (231s)
heures_fortes_larges_3-8_11-13 dev=3.0 sl=2.5 tp=3.0: n=18260 pct_tp=46.9% avgR_brut=+0.033 avgR_net=-0.650  (236s)
heures_fortes_larges_3-8_11-13 dev=3.0 sl=2.5 tp=4.0: n=17642 pct_tp=40.3% avgR_brut=+0.047 avgR_net=-0.631  (241s)
TOTAL 240.79308247566223
