1/54 toute_journee sl=1.5 tp=4 n=933 wr=23.7 avgR=-0.131
2/54 toute_journee sl=1.5 tp=6 n=884 wr=18.0 avgR=-0.101
3/54 toute_journee sl=1.5 tp=8 n=864 wr=14.1 avgR=-0.106
4/54 toute_journee sl=2.0 tp=4 n=784 wr=28.2 avgR=-0.154
5/54 toute_journee sl=2.0 tp=6 n=738 wr=21.8 avgR=-0.127
6/54 toute_journee sl=2.0 tp=8 n=712 wr=17.3 avgR=-0.136
7/54 toute_journee sl=2.5 tp=4 n=710 wr=31.4 avgR=-0.183
8/54 toute_journee sl=2.5 tp=6 n=660 wr=24.4 avgR=-0.171
9/54 toute_journee sl=2.5 tp=8 n=635 wr=20.2 avgR=-0.153
10/54 13h-20h sl=1.5 tp=4 n=736 wr=23.4 avgR=-0.143
11/54 13h-20h sl=1.5 tp=6 n=690 wr=16.7 avgR=-0.167
12/54 13h-20h sl=1.5 tp=8 n=681 wr=13.5 avgR=-0.144
13/54 13h-20h sl=2.0 tp=4 n=690 wr=28.1 avgR=-0.157
14/54 13h-20h sl=2.0 tp=6 n=635 wr=20.3 avgR=-0.187
15/54 13h-20h sl=2.0 tp=8 n=622 wr=16.6 avgR=-0.172
16/54 13h-20h sl=2.5 tp=4 n=628 wr=30.3 avgR=-0.213
17/54 13h-20h sl=2.5 tp=6 n=562 wr=22.6 avgR=-0.232
18/54 13h-20h sl=2.5 tp=8 n=549 wr=18.4 avgR=-0.227
19/54 7h-14h sl=1.5 tp=4 n=1014 wr=24.2 avgR=-0.114
20/54 7h-14h sl=1.5 tp=6 n=984 wr=19.4 avgR=-0.029
21/54 7h-14h sl=1.5 tp=8 n=935 wr=15.0 avgR=-0.052
22/54 7h-14h sl=2.0 tp=4 n=909 wr=30.7 avgR=-0.079
23/54 7h-14h sl=2.0 tp=6 n=880 wr=24.4 avgR=-0.023
24/54 7h-14h sl=2.0 tp=8 n=828 wr=19.3 avgR=-0.034
25/54 7h-14h sl=2.5 tp=4 n=844 wr=35.1 avgR=-0.088
26/54 7h-14h sl=2.5 tp=6 n=806 wr=29.4 avgR=-0.000
27/54 7h-14h sl=2.5 tp=8 n=755 wr=23.2 avgR=-0.026
28/54 0h-24h_sauf_nuit(6-14) sl=1.5 tp=4 n=1001 wr=27.5 avgR=+0.007
29/54 0h-24h_sauf_nuit(6-14) sl=1.5 tp=6 n=960 wr=20.4 avgR=+0.021
30/54 0h-24h_sauf_nuit(6-14) sl=1.5 tp=8 n=932 wr=16.0 avgR=+0.013
31/54 0h-24h_sauf_nuit(6-14) sl=2.0 tp=4 n=921 wr=32.6 avgR=-0.023
32/54 0h-24h_sauf_nuit(6-14) sl=2.0 tp=6 n=874 wr=24.1 avgR=-0.034
33/54 0h-24h_sauf_nuit(6-14) sl=2.0 tp=8 n=841 wr=18.9 avgR=-0.055
34/54 0h-24h_sauf_nuit(6-14) sl=2.5 tp=4 n=864 wr=36.7 avgR=-0.046
35/54 0h-24h_sauf_nuit(6-14) sl=2.5 tp=6 n=809 wr=27.3 avgR=-0.071
36/54 0h-24h_sauf_nuit(6-14) sl=2.5 tp=8 n=767 wr=21.8 avgR=-0.086
37/54 14h-21h(ref) sl=1.5 tp=4 n=987 wr=19.9 avgR=-0.272
38/54 14h-21h(ref) sl=1.5 tp=6 n=939 wr=13.7 avgR=-0.313
39/54 14h-21h(ref) sl=1.5 tp=8 n=915 wr=9.5 avgR=-0.398
40/54 14h-21h(ref) sl=2.0 tp=4 n=882 wr=24.6 avgR=-0.262
41/54 14h-21h(ref) sl=2.0 tp=6 n=826 wr=17.1 avgR=-0.317
42/54 14h-21h(ref) sl=2.0 tp=8 n=796 wr=11.9 avgR=-0.403
43/54 14h-21h(ref) sl=2.5 tp=4 n=794 wr=28.5 avgR=-0.260
44/54 14h-21h(ref) sl=2.5 tp=6 n=737 wr=20.8 avgR=-0.294
45/54 14h-21h(ref) sl=2.5 tp=8 n=700 wr=14.9 avgR=-0.376
46/54 20h-24h+0h-6h(session_asie) sl=1.5 tp=4 n=1176 wr=21.9 avgR=-0.196
47/54 20h-24h+0h-6h(session_asie) sl=1.5 tp=6 n=1143 wr=15.5 avgR=-0.226
48/54 20h-24h+0h-6h(session_asie) sl=1.5 tp=8 n=1103 wr=11.2 avgR=-0.288
49/54 20h-24h+0h-6h(session_asie) sl=2.0 tp=4 n=1076 wr=25.3 avgR=-0.242
50/54 20h-24h+0h-6h(session_asie) sl=2.0 tp=6 n=1039 wr=18.2 avgR=-0.272
51/54 20h-24h+0h-6h(session_asie) sl=2.0 tp=8 n=993 wr=13.2 avgR=-0.340
52/54 20h-24h+0h-6h(session_asie) sl=2.5 tp=4 n=1002 wr=28.6 avgR=-0.255
53/54 20h-24h+0h-6h(session_asie) sl=2.5 tp=6 n=955 wr=20.6 avgR=-0.299
54/54 20h-24h+0h-6h(session_asie) sl=2.5 tp=8 n=900 wr=15.1 avgR=-0.365
TOTAL TIME 225.62557792663574
